[2026-05-01T08:33:30.030+0000] {manager.py:470} INFO - Processing files using up to 2 processes at a time 
[2026-05-01T08:33:30.030+0000] {manager.py:471} INFO - Process each file at most once every 30 seconds
[2026-05-01T08:33:30.031+0000] {manager.py:472} INFO - Checking for new files in /opt/airflow/dags every 300 seconds
[2026-05-01T08:33:30.031+0000] {manager.py:737} INFO - Searching for files in /opt/airflow/dags
[2026-05-01T08:33:30.032+0000] {manager.py:740} INFO - There are 0 files in /opt/airflow/dags
[2026-05-01T08:35:15.990+0000] {manager.py:452} INFO - Exiting gracefully upon receiving signal 15
[2026-05-01T08:35:39.770+0000] {manager.py:470} INFO - Processing files using up to 2 processes at a time 
[2026-05-01T08:35:39.771+0000] {manager.py:471} INFO - Process each file at most once every 30 seconds
[2026-05-01T08:35:39.772+0000] {manager.py:472} INFO - Checking for new files in /opt/airflow/dags every 300 seconds
[2026-05-01T08:35:39.773+0000] {manager.py:737} INFO - Searching for files in /opt/airflow/dags
[2026-05-01T08:35:39.774+0000] {manager.py:740} INFO - There are 0 files in /opt/airflow/dags
[2026-05-01T08:40:40.231+0000] {manager.py:737} INFO - Searching for files in /opt/airflow/dags
[2026-05-01T08:40:40.231+0000] {manager.py:740} INFO - There are 0 files in /opt/airflow/dags
[2026-05-01T08:44:39.736+0000] {manager.py:452} INFO - Exiting gracefully upon receiving signal 15
[2026-05-01T08:45:04.960+0000] {manager.py:470} INFO - Processing files using up to 2 processes at a time 
[2026-05-01T08:45:04.961+0000] {manager.py:471} INFO - Process each file at most once every 30 seconds
[2026-05-01T08:45:04.962+0000] {manager.py:472} INFO - Checking for new files in /opt/airflow/dags every 300 seconds
[2026-05-01T08:45:04.962+0000] {manager.py:737} INFO - Searching for files in /opt/airflow/dags
[2026-05-01T08:45:04.963+0000] {manager.py:740} INFO - There are 0 files in /opt/airflow/dags
[2026-05-01T08:46:21.918+0000] {manager.py:452} INFO - Exiting gracefully upon receiving signal 15
[2026-05-02T07:07:57.306+0000] {manager.py:470} INFO - Processing files using up to 2 processes at a time 
[2026-05-02T07:07:57.307+0000] {manager.py:471} INFO - Process each file at most once every 30 seconds
[2026-05-02T07:07:57.307+0000] {manager.py:472} INFO - Checking for new files in /opt/airflow/dags every 300 seconds
[2026-05-02T07:07:57.308+0000] {manager.py:737} INFO - Searching for files in /opt/airflow/dags
[2026-05-02T07:07:57.309+0000] {manager.py:740} INFO - There are 0 files in /opt/airflow/dags
[2026-05-02T07:12:57.767+0000] {manager.py:737} INFO - Searching for files in /opt/airflow/dags
[2026-05-02T07:12:57.768+0000] {manager.py:740} INFO - There are 0 files in /opt/airflow/dags
[2026-05-02T07:17:58.165+0000] {manager.py:737} INFO - Searching for files in /opt/airflow/dags
[2026-05-02T07:17:58.166+0000] {manager.py:740} INFO - There are 0 files in /opt/airflow/dags
[2026-05-02T07:22:58.566+0000] {manager.py:737} INFO - Searching for files in /opt/airflow/dags
[2026-05-02T07:22:58.567+0000] {manager.py:740} INFO - There are 0 files in /opt/airflow/dags
[2026-05-02T07:27:55.100+0000] {manager.py:452} INFO - Exiting gracefully upon receiving signal 15
[2026-05-02T07:29:18.069+0000] {manager.py:470} INFO - Processing files using up to 2 processes at a time 
[2026-05-02T07:29:18.070+0000] {manager.py:471} INFO - Process each file at most once every 30 seconds
[2026-05-02T07:29:18.071+0000] {manager.py:472} INFO - Checking for new files in /opt/airflow/dags every 300 seconds
[2026-05-02T07:29:18.072+0000] {manager.py:737} INFO - Searching for files in /opt/airflow/dags
[2026-05-02T07:29:18.074+0000] {manager.py:740} INFO - There are 0 files in /opt/airflow/dags
[2026-05-02T07:34:18.555+0000] {manager.py:737} INFO - Searching for files in /opt/airflow/dags
[2026-05-02T07:34:18.556+0000] {manager.py:740} INFO - There are 1 files in /opt/airflow/dags
[2026-05-02T07:34:18.624+0000] {manager.py:1016} ERROR - Processor for /opt/airflow/dags/load_customers.py exited with return code 1.
[2026-05-02T07:34:19.627+0000] {manager.py:878} INFO - 
================================================================================
DAG File Processing Stats

File Path                            PID    Runtime      # DAGs    # Errors  Last Runtime    Last Run
-----------------------------------  -----  ---------  --------  ----------  --------------  -------------------
/opt/airflow/dags/load_customers.py                           0          -1  0.03s           2026-05-02T07:34:18
================================================================================
[2026-05-02T07:34:48.791+0000] {manager.py:1016} ERROR - Processor for /opt/airflow/dags/load_customers.py exited with return code 1.
[2026-05-02T07:34:49.786+0000] {manager.py:878} INFO - 
================================================================================
DAG File Processing Stats

File Path                            PID    Runtime      # DAGs    # Errors  Last Runtime    Last Run
-----------------------------------  -----  ---------  --------  ----------  --------------  -------------------
/opt/airflow/dags/load_customers.py                           0          -1  0.03s           2026-05-02T07:34:48
================================================================================
[2026-05-02T07:35:18.958+0000] {manager.py:1016} ERROR - Processor for /opt/airflow/dags/load_customers.py exited with return code 1.
[2026-05-02T07:35:19.943+0000] {manager.py:878} INFO - 
================================================================================
DAG File Processing Stats

File Path                            PID    Runtime      # DAGs    # Errors  Last Runtime    Last Run
-----------------------------------  -----  ---------  --------  ----------  --------------  -------------------
/opt/airflow/dags/load_customers.py                           0          -1  0.04s           2026-05-02T07:35:18
================================================================================
[2026-05-02T07:35:49.114+0000] {manager.py:1016} ERROR - Processor for /opt/airflow/dags/load_customers.py exited with return code 1.
[2026-05-02T07:35:50.106+0000] {manager.py:878} INFO - 
================================================================================
DAG File Processing Stats

File Path                            PID    Runtime      # DAGs    # Errors  Last Runtime    Last Run
-----------------------------------  -----  ---------  --------  ----------  --------------  -------------------
/opt/airflow/dags/load_customers.py                           0          -1  0.03s           2026-05-02T07:35:49
================================================================================
[2026-05-02T07:36:19.265+0000] {manager.py:1016} ERROR - Processor for /opt/airflow/dags/load_customers.py exited with return code 1.
[2026-05-02T07:36:20.261+0000] {manager.py:878} INFO - 
================================================================================
DAG File Processing Stats

File Path                            PID    Runtime      # DAGs    # Errors  Last Runtime    Last Run
-----------------------------------  -----  ---------  --------  ----------  --------------  -------------------
/opt/airflow/dags/load_customers.py                           0          -1  0.03s           2026-05-02T07:36:19
================================================================================
[2026-05-02T07:36:49.424+0000] {manager.py:1016} ERROR - Processor for /opt/airflow/dags/load_customers.py exited with return code 1.
[2026-05-02T07:36:50.420+0000] {manager.py:878} INFO - 
================================================================================
DAG File Processing Stats

File Path                            PID    Runtime      # DAGs    # Errors  Last Runtime    Last Run
-----------------------------------  -----  ---------  --------  ----------  --------------  -------------------
/opt/airflow/dags/load_customers.py                           0          -1  0.03s           2026-05-02T07:36:49
================================================================================
[2026-05-02T07:37:19.595+0000] {manager.py:1016} ERROR - Processor for /opt/airflow/dags/load_customers.py exited with return code 1.
[2026-05-02T07:37:20.585+0000] {manager.py:878} INFO - 
================================================================================
DAG File Processing Stats

File Path                            PID    Runtime      # DAGs    # Errors  Last Runtime    Last Run
-----------------------------------  -----  ---------  --------  ----------  --------------  -------------------
/opt/airflow/dags/load_customers.py                           0          -1  0.03s           2026-05-02T07:37:19
================================================================================
[2026-05-02T07:37:49.749+0000] {manager.py:1016} ERROR - Processor for /opt/airflow/dags/load_customers.py exited with return code 1.
[2026-05-02T07:37:50.742+0000] {manager.py:878} INFO - 
================================================================================
DAG File Processing Stats

File Path                            PID    Runtime      # DAGs    # Errors  Last Runtime    Last Run
-----------------------------------  -----  ---------  --------  ----------  --------------  -------------------
/opt/airflow/dags/load_customers.py                           0          -1  0.03s           2026-05-02T07:37:49
================================================================================
[2026-05-02T07:38:19.918+0000] {manager.py:1016} ERROR - Processor for /opt/airflow/dags/load_customers.py exited with return code 1.
[2026-05-02T07:38:20.911+0000] {manager.py:878} INFO - 
================================================================================
DAG File Processing Stats

File Path                            PID    Runtime      # DAGs    # Errors  Last Runtime    Last Run
-----------------------------------  -----  ---------  --------  ----------  --------------  -------------------
/opt/airflow/dags/load_customers.py                           0          -1  0.03s           2026-05-02T07:38:19
================================================================================
[2026-05-02T07:38:50.077+0000] {manager.py:1016} ERROR - Processor for /opt/airflow/dags/load_customers.py exited with return code 1.
[2026-05-02T07:38:51.071+0000] {manager.py:878} INFO - 
================================================================================
DAG File Processing Stats

File Path                            PID    Runtime      # DAGs    # Errors  Last Runtime    Last Run
-----------------------------------  -----  ---------  --------  ----------  --------------  -------------------
/opt/airflow/dags/load_customers.py                           0          -1  0.03s           2026-05-02T07:38:50
================================================================================
[2026-05-02T07:39:19.205+0000] {manager.py:737} INFO - Searching for files in /opt/airflow/dags
[2026-05-02T07:39:19.206+0000] {manager.py:740} INFO - There are 1 files in /opt/airflow/dags
[2026-05-02T07:39:20.253+0000] {manager.py:1016} ERROR - Processor for /opt/airflow/dags/load_customers.py exited with return code 1.
[2026-05-02T07:39:21.246+0000] {manager.py:878} INFO - 
================================================================================
DAG File Processing Stats

File Path                            PID    Runtime      # DAGs    # Errors  Last Runtime    Last Run
-----------------------------------  -----  ---------  --------  ----------  --------------  -------------------
/opt/airflow/dags/load_customers.py                           0          -1  0.03s           2026-05-02T07:39:20
================================================================================
[2026-05-02T07:39:50.417+0000] {manager.py:1016} ERROR - Processor for /opt/airflow/dags/load_customers.py exited with return code 1.
[2026-05-02T07:39:51.405+0000] {manager.py:878} INFO - 
================================================================================
DAG File Processing Stats

File Path                            PID    Runtime      # DAGs    # Errors  Last Runtime    Last Run
-----------------------------------  -----  ---------  --------  ----------  --------------  -------------------
/opt/airflow/dags/load_customers.py                           0          -1  0.03s           2026-05-02T07:39:50
================================================================================
[2026-05-02T07:40:20.564+0000] {manager.py:1016} ERROR - Processor for /opt/airflow/dags/load_customers.py exited with return code 1.
[2026-05-02T07:40:21.560+0000] {manager.py:878} INFO - 
================================================================================
DAG File Processing Stats

File Path                            PID    Runtime      # DAGs    # Errors  Last Runtime    Last Run
-----------------------------------  -----  ---------  --------  ----------  --------------  -------------------
/opt/airflow/dags/load_customers.py                           0          -1  0.03s           2026-05-02T07:40:20
================================================================================
[2026-05-02T07:40:33.469+0000] {manager.py:452} INFO - Exiting gracefully upon receiving signal 15
[2026-05-02T07:41:53.422+0000] {manager.py:470} INFO - Processing files using up to 2 processes at a time 
[2026-05-02T07:41:53.435+0000] {manager.py:471} INFO - Process each file at most once every 30 seconds
[2026-05-02T07:41:53.435+0000] {manager.py:472} INFO - Checking for new files in /opt/airflow/dags every 300 seconds
[2026-05-02T07:41:53.436+0000] {manager.py:737} INFO - Searching for files in /opt/airflow/dags
[2026-05-02T07:41:53.438+0000] {manager.py:740} INFO - There are 1 files in /opt/airflow/dags
[2026-05-02T07:41:53.610+0000] {manager.py:878} INFO - 
================================================================================
DAG File Processing Stats

File Path                              PID  Runtime      # DAGs    # Errors  Last Runtime    Last Run
-----------------------------------  -----  ---------  --------  ----------  --------------  ----------
/opt/airflow/dags/load_customers.py    245  0.07s             0           0
================================================================================
[2026-05-02T07:42:23.729+0000] {manager.py:878} INFO - 
================================================================================
DAG File Processing Stats

File Path                            PID    Runtime      # DAGs    # Errors  Last Runtime    Last Run
-----------------------------------  -----  ---------  --------  ----------  --------------  -------------------
/opt/airflow/dags/load_customers.py                           1           0  1.60s           2026-05-02T07:41:55
================================================================================
[2026-05-02T07:42:53.872+0000] {manager.py:878} INFO - 
================================================================================
DAG File Processing Stats

File Path                            PID    Runtime      # DAGs    # Errors  Last Runtime    Last Run
-----------------------------------  -----  ---------  --------  ----------  --------------  -------------------
/opt/airflow/dags/load_customers.py                           1           0  0.68s           2026-05-02T07:42:25
================================================================================
[2026-05-02T07:43:23.874+0000] {manager.py:878} INFO - 
================================================================================
DAG File Processing Stats

File Path                            PID    Runtime      # DAGs    # Errors  Last Runtime    Last Run
-----------------------------------  -----  ---------  --------  ----------  --------------  -------------------
/opt/airflow/dags/load_customers.py                           1           0  0.68s           2026-05-02T07:42:56
================================================================================
[2026-05-02T07:43:54.328+0000] {manager.py:878} INFO - 
================================================================================
DAG File Processing Stats

File Path                            PID    Runtime      # DAGs    # Errors  Last Runtime    Last Run
-----------------------------------  -----  ---------  --------  ----------  --------------  -------------------
/opt/airflow/dags/load_customers.py                           1           0  0.69s           2026-05-02T07:43:27
================================================================================
[2026-05-02T07:44:24.474+0000] {manager.py:878} INFO - 
================================================================================
DAG File Processing Stats

File Path                            PID    Runtime      # DAGs    # Errors  Last Runtime    Last Run
-----------------------------------  -----  ---------  --------  ----------  --------------  -------------------
/opt/airflow/dags/load_customers.py                           1           0  0.67s           2026-05-02T07:43:58
================================================================================
[2026-05-02T07:44:54.641+0000] {manager.py:878} INFO - 
================================================================================
DAG File Processing Stats

File Path                            PID    Runtime      # DAGs    # Errors  Last Runtime    Last Run
-----------------------------------  -----  ---------  --------  ----------  --------------  -------------------
/opt/airflow/dags/load_customers.py                           1           0  1.03s           2026-05-02T07:44:29
================================================================================
[2026-05-02T07:45:24.804+0000] {manager.py:878} INFO - 
================================================================================
DAG File Processing Stats

File Path                            PID    Runtime      # DAGs    # Errors  Last Runtime    Last Run
-----------------------------------  -----  ---------  --------  ----------  --------------  -------------------
/opt/airflow/dags/load_customers.py                           1           0  1.06s           2026-05-02T07:45:00
================================================================================
[2026-05-02T07:45:54.823+0000] {manager.py:878} INFO - 
================================================================================
DAG File Processing Stats

File Path                            PID    Runtime      # DAGs    # Errors  Last Runtime    Last Run
-----------------------------------  -----  ---------  --------  ----------  --------------  -------------------
/opt/airflow/dags/load_customers.py                           1           0  0.88s           2026-05-02T07:45:31
================================================================================
[2026-05-02T07:46:25.060+0000] {manager.py:878} INFO - 
================================================================================
DAG File Processing Stats

File Path                            PID    Runtime      # DAGs    # Errors  Last Runtime    Last Run
-----------------------------------  -----  ---------  --------  ----------  --------------  -------------------
/opt/airflow/dags/load_customers.py                           1           0  0.74s           2026-05-02T07:46:02
================================================================================
[2026-05-02T07:46:53.626+0000] {manager.py:737} INFO - Searching for files in /opt/airflow/dags
[2026-05-02T07:46:53.628+0000] {manager.py:740} INFO - There are 1 files in /opt/airflow/dags
[2026-05-02T07:46:55.652+0000] {manager.py:878} INFO - 
================================================================================
DAG File Processing Stats

File Path                            PID    Runtime      # DAGs    # Errors  Last Runtime    Last Run
-----------------------------------  -----  ---------  --------  ----------  --------------  -------------------
/opt/airflow/dags/load_customers.py                           1           0  0.65s           2026-05-02T07:46:49
================================================================================
[2026-05-02T07:47:26.025+0000] {manager.py:878} INFO - 
================================================================================
DAG File Processing Stats

File Path                            PID    Runtime      # DAGs    # Errors  Last Runtime    Last Run
-----------------------------------  -----  ---------  --------  ----------  --------------  -------------------
/opt/airflow/dags/load_customers.py                           1           0  0.65s           2026-05-02T07:46:59
================================================================================
[2026-05-02T07:47:56.599+0000] {manager.py:878} INFO - 
================================================================================
DAG File Processing Stats

File Path                            PID    Runtime      # DAGs    # Errors  Last Runtime    Last Run
-----------------------------------  -----  ---------  --------  ----------  --------------  -------------------
/opt/airflow/dags/load_customers.py                           1           0  2.15s           2026-05-02T07:47:31
================================================================================
[2026-05-02T07:48:26.824+0000] {manager.py:878} INFO - 
================================================================================
DAG File Processing Stats

File Path                            PID    Runtime      # DAGs    # Errors  Last Runtime    Last Run
-----------------------------------  -----  ---------  --------  ----------  --------------  -------------------
/opt/airflow/dags/load_customers.py                           1           0  0.83s           2026-05-02T07:48:02
================================================================================
[2026-05-02T07:48:57.719+0000] {manager.py:878} INFO - 
================================================================================
DAG File Processing Stats

File Path                            PID    Runtime      # DAGs    # Errors  Last Runtime    Last Run
-----------------------------------  -----  ---------  --------  ----------  --------------  -------------------
/opt/airflow/dags/load_customers.py                           1           0  1.02s           2026-05-02T07:48:33
================================================================================
[2026-05-02T07:49:27.863+0000] {manager.py:878} INFO - 
================================================================================
DAG File Processing Stats

File Path                            PID    Runtime      # DAGs    # Errors  Last Runtime    Last Run
-----------------------------------  -----  ---------  --------  ----------  --------------  -------------------
/opt/airflow/dags/load_customers.py                           1           0  0.80s           2026-05-02T07:49:04
================================================================================
[2026-05-02T07:49:57.999+0000] {manager.py:878} INFO - 
================================================================================
DAG File Processing Stats

File Path                            PID    Runtime      # DAGs    # Errors  Last Runtime    Last Run
-----------------------------------  -----  ---------  --------  ----------  --------------  -------------------
/opt/airflow/dags/load_customers.py                           1           0  0.71s           2026-05-02T07:49:35
================================================================================
[2026-05-02T07:50:28.138+0000] {manager.py:878} INFO - 
================================================================================
DAG File Processing Stats

File Path                            PID    Runtime      # DAGs    # Errors  Last Runtime    Last Run
-----------------------------------  -----  ---------  --------  ----------  --------------  -------------------
/opt/airflow/dags/load_customers.py                           1           0  0.67s           2026-05-02T07:50:06
================================================================================
[2026-05-02T07:50:58.286+0000] {manager.py:878} INFO - 
================================================================================
DAG File Processing Stats

File Path                            PID    Runtime      # DAGs    # Errors  Last Runtime    Last Run
-----------------------------------  -----  ---------  --------  ----------  --------------  -------------------
/opt/airflow/dags/load_customers.py                           1           0  0.89s           2026-05-02T07:50:37
================================================================================
[2026-05-02T07:51:28.309+0000] {manager.py:878} INFO - 
================================================================================
DAG File Processing Stats

File Path                            PID    Runtime      # DAGs    # Errors  Last Runtime    Last Run
-----------------------------------  -----  ---------  --------  ----------  --------------  -------------------
/opt/airflow/dags/load_customers.py                           1           0  0.88s           2026-05-02T07:51:08
================================================================================
[2026-05-02T07:51:54.325+0000] {manager.py:737} INFO - Searching for files in /opt/airflow/dags
[2026-05-02T07:51:54.327+0000] {manager.py:740} INFO - There are 1 files in /opt/airflow/dags
[2026-05-02T07:51:58.357+0000] {manager.py:878} INFO - 
================================================================================
DAG File Processing Stats

File Path                            PID    Runtime      # DAGs    # Errors  Last Runtime    Last Run
-----------------------------------  -----  ---------  --------  ----------  --------------  -------------------
/opt/airflow/dags/load_customers.py                           1           0  0.90s           2026-05-02T07:51:39
================================================================================
[2026-05-02T07:52:28.676+0000] {manager.py:878} INFO - 
================================================================================
DAG File Processing Stats

File Path                            PID    Runtime      # DAGs    # Errors  Last Runtime    Last Run
-----------------------------------  -----  ---------  --------  ----------  --------------  -------------------
/opt/airflow/dags/load_customers.py                           1           0  0.70s           2026-05-02T07:52:10
================================================================================
[2026-05-02T07:52:58.806+0000] {manager.py:878} INFO - 
================================================================================
DAG File Processing Stats

File Path                            PID    Runtime      # DAGs    # Errors  Last Runtime    Last Run
-----------------------------------  -----  ---------  --------  ----------  --------------  -------------------
/opt/airflow/dags/load_customers.py                           1           0  0.67s           2026-05-02T07:52:40
================================================================================
[2026-05-02T07:53:28.902+0000] {manager.py:878} INFO - 
================================================================================
DAG File Processing Stats

File Path                            PID    Runtime      # DAGs    # Errors  Last Runtime    Last Run
-----------------------------------  -----  ---------  --------  ----------  --------------  -------------------
/opt/airflow/dags/load_customers.py                           1           0  0.79s           2026-05-02T07:53:11
================================================================================
[2026-05-02T07:53:59.235+0000] {manager.py:878} INFO - 
================================================================================
DAG File Processing Stats

File Path                            PID    Runtime      # DAGs    # Errors  Last Runtime    Last Run
-----------------------------------  -----  ---------  --------  ----------  --------------  -------------------
/opt/airflow/dags/load_customers.py                           1           0  0.86s           2026-05-02T07:53:42
================================================================================
[2026-05-02T07:54:29.364+0000] {manager.py:878} INFO - 
================================================================================
DAG File Processing Stats

File Path                            PID    Runtime      # DAGs    # Errors  Last Runtime    Last Run
-----------------------------------  -----  ---------  --------  ----------  --------------  -------------------
/opt/airflow/dags/load_customers.py                           1           0  0.98s           2026-05-02T07:54:13
================================================================================
[2026-05-02T07:55:00.184+0000] {manager.py:878} INFO - 
================================================================================
DAG File Processing Stats

File Path                            PID    Runtime      # DAGs    # Errors  Last Runtime    Last Run
-----------------------------------  -----  ---------  --------  ----------  --------------  -------------------
/opt/airflow/dags/load_customers.py                           1           0  1.09s           2026-05-02T07:54:45
================================================================================
[2026-05-02T07:55:30.359+0000] {manager.py:878} INFO - 
================================================================================
DAG File Processing Stats

File Path                            PID    Runtime      # DAGs    # Errors  Last Runtime    Last Run
-----------------------------------  -----  ---------  --------  ----------  --------------  -------------------
/opt/airflow/dags/load_customers.py                           1           0  0.84s           2026-05-02T07:55:16
================================================================================
[2026-05-02T07:56:00.484+0000] {manager.py:878} INFO - 
================================================================================
DAG File Processing Stats

File Path                            PID    Runtime      # DAGs    # Errors  Last Runtime    Last Run
-----------------------------------  -----  ---------  --------  ----------  --------------  -------------------
/opt/airflow/dags/load_customers.py                           1           0  0.69s           2026-05-02T07:55:46
================================================================================
[2026-05-02T07:56:30.622+0000] {manager.py:878} INFO - 
================================================================================
DAG File Processing Stats

File Path                            PID    Runtime      # DAGs    # Errors  Last Runtime    Last Run
-----------------------------------  -----  ---------  --------  ----------  --------------  -------------------
/opt/airflow/dags/load_customers.py                           1           0  0.61s           2026-05-02T07:56:17
================================================================================
[2026-05-02T07:56:54.619+0000] {manager.py:737} INFO - Searching for files in /opt/airflow/dags
[2026-05-02T07:56:54.620+0000] {manager.py:740} INFO - There are 1 files in /opt/airflow/dags
[2026-05-02T07:57:00.665+0000] {manager.py:878} INFO - 
================================================================================
DAG File Processing Stats

File Path                            PID    Runtime      # DAGs    # Errors  Last Runtime    Last Run
-----------------------------------  -----  ---------  --------  ----------  --------------  -------------------
/opt/airflow/dags/load_customers.py                           1           0  0.89s           2026-05-02T07:56:48
================================================================================
[2026-05-02T07:57:30.767+0000] {manager.py:878} INFO - 
================================================================================
DAG File Processing Stats

File Path                            PID    Runtime      # DAGs    # Errors  Last Runtime    Last Run
-----------------------------------  -----  ---------  --------  ----------  --------------  -------------------
/opt/airflow/dags/load_customers.py                           1           0  0.96s           2026-05-02T07:57:19
================================================================================
[2026-05-02T07:58:00.826+0000] {manager.py:878} INFO - 
================================================================================
DAG File Processing Stats

File Path                            PID    Runtime      # DAGs    # Errors  Last Runtime    Last Run
-----------------------------------  -----  ---------  --------  ----------  --------------  -------------------
/opt/airflow/dags/load_customers.py                           1           0  0.92s           2026-05-02T07:57:50
================================================================================
[2026-05-02T07:58:31.196+0000] {manager.py:878} INFO - 
================================================================================
DAG File Processing Stats

File Path                            PID    Runtime      # DAGs    # Errors  Last Runtime    Last Run
-----------------------------------  -----  ---------  --------  ----------  --------------  -------------------
/opt/airflow/dags/load_customers.py                           1           0  0.72s           2026-05-02T07:58:21
================================================================================
[2026-05-02T07:59:01.329+0000] {manager.py:878} INFO - 
================================================================================
DAG File Processing Stats

File Path                            PID    Runtime      # DAGs    # Errors  Last Runtime    Last Run
-----------------------------------  -----  ---------  --------  ----------  --------------  -------------------
/opt/airflow/dags/load_customers.py                           1           0  0.70s           2026-05-02T07:58:52
================================================================================
[2026-05-02T07:59:31.344+0000] {manager.py:878} INFO - 
================================================================================
DAG File Processing Stats

File Path                            PID    Runtime      # DAGs    # Errors  Last Runtime    Last Run
-----------------------------------  -----  ---------  --------  ----------  --------------  -------------------
/opt/airflow/dags/load_customers.py                           1           0  0.73s           2026-05-02T07:59:23
================================================================================
[2026-05-02T08:00:01.741+0000] {manager.py:878} INFO - 
================================================================================
DAG File Processing Stats

File Path                            PID    Runtime      # DAGs    # Errors  Last Runtime    Last Run
-----------------------------------  -----  ---------  --------  ----------  --------------  -------------------
/opt/airflow/dags/load_customers.py                           1           0  0.85s           2026-05-02T07:59:54
================================================================================
[2026-05-02T08:00:31.871+0000] {manager.py:878} INFO - 
================================================================================
DAG File Processing Stats

File Path                            PID    Runtime      # DAGs    # Errors  Last Runtime    Last Run
-----------------------------------  -----  ---------  --------  ----------  --------------  -------------------
/opt/airflow/dags/load_customers.py                           1           0  0.84s           2026-05-02T08:00:25
================================================================================
[2026-05-02T08:01:02.011+0000] {manager.py:878} INFO - 
================================================================================
DAG File Processing Stats

File Path                            PID    Runtime      # DAGs    # Errors  Last Runtime    Last Run
-----------------------------------  -----  ---------  --------  ----------  --------------  -------------------
/opt/airflow/dags/load_customers.py                           1           0  0.85s           2026-05-02T08:00:56
================================================================================
[2026-05-02T08:01:32.149+0000] {manager.py:878} INFO - 
================================================================================
DAG File Processing Stats

File Path                            PID    Runtime      # DAGs    # Errors  Last Runtime    Last Run
-----------------------------------  -----  ---------  --------  ----------  --------------  -------------------
/opt/airflow/dags/load_customers.py                           1           0  0.79s           2026-05-02T08:01:27
================================================================================
[2026-05-02T08:01:55.260+0000] {manager.py:737} INFO - Searching for files in /opt/airflow/dags
[2026-05-02T08:01:55.261+0000] {manager.py:740} INFO - There are 1 files in /opt/airflow/dags
[2026-05-02T08:02:02.320+0000] {manager.py:878} INFO - 
================================================================================
DAG File Processing Stats

File Path                            PID    Runtime      # DAGs    # Errors  Last Runtime    Last Run
-----------------------------------  -----  ---------  --------  ----------  --------------  -------------------
/opt/airflow/dags/load_customers.py                           1           0  0.68s           2026-05-02T08:01:57
================================================================================
[2026-05-02T08:02:32.450+0000] {manager.py:878} INFO - 
================================================================================
DAG File Processing Stats

File Path                            PID    Runtime      # DAGs    # Errors  Last Runtime    Last Run
-----------------------------------  -----  ---------  --------  ----------  --------------  -------------------
/opt/airflow/dags/load_customers.py                           1           0  0.64s           2026-05-02T08:02:28
================================================================================
[2026-05-02T08:03:02.593+0000] {manager.py:878} INFO - 
================================================================================
DAG File Processing Stats

File Path                            PID    Runtime      # DAGs    # Errors  Last Runtime    Last Run
-----------------------------------  -----  ---------  --------  ----------  --------------  -------------------
/opt/airflow/dags/load_customers.py                           1           0  0.86s           2026-05-02T08:02:59
================================================================================
[2026-05-02T08:03:32.743+0000] {manager.py:878} INFO - 
================================================================================
DAG File Processing Stats

File Path                            PID    Runtime      # DAGs    # Errors  Last Runtime    Last Run
-----------------------------------  -----  ---------  --------  ----------  --------------  -------------------
/opt/airflow/dags/load_customers.py                           1           0  0.98s           2026-05-02T08:03:30
================================================================================
[2026-05-02T08:04:02.753+0000] {manager.py:878} INFO - 
================================================================================
DAG File Processing Stats

File Path                            PID    Runtime      # DAGs    # Errors  Last Runtime    Last Run
-----------------------------------  -----  ---------  --------  ----------  --------------  -------------------
/opt/airflow/dags/load_customers.py                           1           0  0.87s           2026-05-02T08:04:01
================================================================================
[2026-05-02T08:04:33.093+0000] {manager.py:878} INFO - 
================================================================================
DAG File Processing Stats

File Path                            PID    Runtime      # DAGs    # Errors  Last Runtime    Last Run
-----------------------------------  -----  ---------  --------  ----------  --------------  -------------------
/opt/airflow/dags/load_customers.py                           1           0  0.66s           2026-05-02T08:04:32
================================================================================
[2026-05-02T08:05:03.227+0000] {manager.py:878} INFO - 
================================================================================
DAG File Processing Stats

File Path                              PID  Runtime      # DAGs    # Errors  Last Runtime    Last Run
-----------------------------------  -----  ---------  --------  ----------  --------------  -------------------
/opt/airflow/dags/load_customers.py    548  0.55s             1           0  0.66s           2026-05-02T08:04:32
================================================================================
